%!Adobe-FontList 1.22
%Locale:0x409

%BeginFont
Handler:DirectoryHandler
FontType:Invalid
OutlineFileName:/Users/mahe/Dropbox/L+M/_l+m | RTE/____RTE | CONTENU TXT IM | Mahe/_ECRANS VIDEO/station 6 blues vista/Dossier Station 6 | borne multi | 1920 x 1080 px | 05.04/Document fonts/AdobeFnt22.lst
FileLength:3067
FileModTime:639348156
%EndFont

%BeginFont
Handler:DirectoryHandler
FontType:Type1
FontName:MarkPro-Black
FamilyName:Mark Pro
StyleName:Black
MenuName:MarkPro-Black
StyleBits:0
WeightClass:900
WidthClass:5
AngleClass:0
FullName:MarkPro-Black
WritingScript:Roman
OutlineFileName:/Users/mahe/Dropbox/L+M/_l+m | RTE/____RTE | CONTENU TXT IM | Mahe/_ECRANS VIDEO/station 6 blues vista/Dossier Station 6 | borne multi | 1920 x 1080 px | 05.04/Document fonts/FontFont_FF.Mark.Pro.Black.otf
DataFormat:sfntData
UsesStandardEncoding:yes
isCFF:yes
hasSVG:no
VariableFontType:NonVariableFont
FileLength:164300
FileModTime:399368636
NameArray:0,Mac,4,MarkPro-Black
NameArray:0,Win,1,MarkPro-Black
NameArray:0,Win,16,Mark Pro
%EndFont

%BeginFont
Handler:DirectoryHandler
FontType:Type1
FontName:Montserrat-Bold
FamilyName:Montserrat
StyleName:Bold
MenuName:Montserrat
StyleBits:2
WeightClass:700
WidthClass:5
AngleClass:0
FullName:Montserrat Bold
WritingScript:Roman
OutlineFileName:/Users/mahe/Dropbox/L+M/_l+m | RTE/____RTE | CONTENU TXT IM | Mahe/_ECRANS VIDEO/station 6 blues vista/Dossier Station 6 | borne multi | 1920 x 1080 px | 05.04/Document fonts/Montserrat-Bold.otf
DataFormat:sfntData
UsesStandardEncoding:yes
isCFF:yes
hasSVG:no
VariableFontType:NonVariableFont
FileLength:235192
FileModTime:564041378
NameArray:0,Mac,4,Montserrat Bold
NameArray:0,Win,1,Montserrat
%EndFont

%BeginFont
Handler:DirectoryHandler
FontType:Type1
FontName:Montserrat-Medium
FamilyName:Montserrat
StyleName:Medium
MenuName:Montserrat Medium
StyleBits:0
WeightClass:500
WidthClass:5
AngleClass:0
FullName:Montserrat Medium
WritingScript:Roman
OutlineFileName:/Users/mahe/Dropbox/L+M/_l+m | RTE/____RTE | CONTENU TXT IM | Mahe/_ECRANS VIDEO/station 6 blues vista/Dossier Station 6 | borne multi | 1920 x 1080 px | 05.04/Document fonts/Montserrat-Medium.otf
DataFormat:sfntData
UsesStandardEncoding:yes
isCFF:yes
hasSVG:no
VariableFontType:NonVariableFont
FileLength:230356
FileModTime:564041378
NameArray:0,Mac,4,Montserrat Medium
NameArray:0,Win,1,Montserrat Medium
NameArray:0,Win,16,Montserrat
%EndFont

%BeginFont
Handler:DirectoryHandler
FontType:Type1
FontName:Montserrat-Regular
FamilyName:Montserrat
StyleName:Regular
MenuName:Montserrat
StyleBits:0
WeightClass:400
WidthClass:5
AngleClass:0
FullName:Montserrat Regular
WritingScript:Roman
OutlineFileName:/Users/mahe/Dropbox/L+M/_l+m | RTE/____RTE | CONTENU TXT IM | Mahe/_ECRANS VIDEO/station 6 blues vista/Dossier Station 6 | borne multi | 1920 x 1080 px | 05.04/Document fonts/Montserrat-Regular.otf
DataFormat:sfntData
UsesStandardEncoding:yes
isCFF:yes
hasSVG:no
VariableFontType:NonVariableFont
FileLength:228620
FileModTime:564041378
NameArray:0,Mac,4,Montserrat Regular
NameArray:0,Win,1,Montserrat
%EndFont

